// Jest Snapshot v1, https://goo.gl/fbAQLP

exports[`Character list component displays a list of hey arnold characters 1`] = `
<DocumentFragment>
  <ul
    aria-label="characters"
  />
</DocumentFragment>
`;
